../Core/Src/main.c:123:10:MovingAverage_Update	3
../Core/Src/main.c:146:10:ADC_To_LED_CCR	1
../Core/Src/main.c:152:10:ADC_To_Servo_US	1
../Core/Src/main.c:158:6:Check_Button	5
../Core/Src/main.c:194:6:Update_Mode_LED	5
../Core/Src/main.c:263:9:XOR_Checksum	2
../Core/Src/main.c:280:6:Build_Uplink_Packet	1
../Core/Src/main.c:330:6:Process_Downlink_Packet	6
../Core/Src/main.c:401:6:Update_Link_Status	3
../Core/Src/main.c:426:5:main	1
../Core/Src/main.c:527:6:SystemClock_Config	4
../Core/Src/main.c:572:6:HAL_TIM_PeriodElapsedCallback	6
../Core/Src/main.c:636:6:HAL_UART_TxCpltCallback	2
../Core/Src/main.c:644:6:HAL_UART_RxCpltCallback	10
../Core/Src/main.c:711:6:HAL_UART_ErrorCallback	2
../Core/Src/main.c:732:6:Error_Handler	1
