../Core/Src/main.c:123:10:MovingAverage_Update	16	static
../Core/Src/main.c:146:10:ADC_To_LED_CCR	16	static
../Core/Src/main.c:152:10:ADC_To_Servo_US	16	static
../Core/Src/main.c:158:6:Check_Button	16	static
../Core/Src/main.c:194:6:Update_Mode_LED	16	static
../Core/Src/main.c:263:9:XOR_Checksum	24	static
../Core/Src/main.c:280:6:Build_Uplink_Packet	8	static
../Core/Src/main.c:330:6:Process_Downlink_Packet	24	static
../Core/Src/main.c:401:6:Update_Link_Status	8	static
../Core/Src/main.c:426:5:main	8	static
../Core/Src/main.c:527:6:SystemClock_Config	88	static
../Core/Src/main.c:572:6:HAL_TIM_PeriodElapsedCallback	24	static
../Core/Src/main.c:636:6:HAL_UART_TxCpltCallback	16	static
../Core/Src/main.c:644:6:HAL_UART_RxCpltCallback	16	static
../Core/Src/main.c:711:6:HAL_UART_ErrorCallback	16	static
../Core/Src/main.c:732:6:Error_Handler	4	static,ignoring_inline_asm
