Archive member included to satisfy reference by file (symbol)

C:/ST/STM32CubeIDE_2.1.1/STM32CubeIDE/plugins/com.st.stm32cube.ide.mcu.externaltools.gnu-tools-for-stm32.14.3.rel1.win32_1.0.100.202602081740/tools/bin/../lib/gcc/arm-none-eabi/14.3.1/../../../../arm-none-eabi/lib/thumb/v7-m/nofp\libc_nano.a(libc_a-exit.o)
                              C:/ST/STM32CubeIDE_2.1.1/STM32CubeIDE/plugins/com.st.stm32cube.ide.mcu.externaltools.gnu-tools-for-stm32.14.3.rel1.win32_1.0.100.202602081740/tools/bin/../lib/gcc/arm-none-eabi/14.3.1/../../../../arm-none-eabi/lib/thumb/v7-m/nofp/crt0.o (exit)
C:/ST/STM32CubeIDE_2.1.1/STM32CubeIDE/plugins/com.st.stm32cube.ide.mcu.externaltools.gnu-tools-for-stm32.14.3.rel1.win32_1.0.100.202602081740/tools/bin/../lib/gcc/arm-none-eabi/14.3.1/../../../../arm-none-eabi/lib/thumb/v7-m/nofp\libc_nano.a(libc_a-findfp.o)
                              C:/ST/STM32CubeIDE_2.1.1/STM32CubeIDE/plugins/com.st.stm32cube.ide.mcu.externaltools.gnu-tools-for-stm32.14.3.rel1.win32_1.0.100.202602081740/tools/bin/../lib/gcc/arm-none-eabi/14.3.1/../../../../arm-none-eabi/lib/thumb/v7-m/nofp\libc_nano.a(libc_a-exit.o) (__stdio_exit_handler)
C:/ST/STM32CubeIDE_2.1.1/STM32CubeIDE/plugins/com.st.stm32cube.ide.mcu.externaltools.gnu-tools-for-stm32.14.3.rel1.win32_1.0.100.202602081740/tools/bin/../lib/gcc/arm-none-eabi/14.3.1/../../../../arm-none-eabi/lib/thumb/v7-m/nofp\libc_nano.a(libc_a-fwalk.o)
                              C:/ST/STM32CubeIDE_2.1.1/STM32CubeIDE/plugins/com.st.stm32cube.ide.mcu.externaltools.gnu-tools-for-stm32.14.3.rel1.win32_1.0.100.202602081740/tools/bin/../lib/gcc/arm-none-eabi/14.3.1/../../../../arm-none-eabi/lib/thumb/v7-m/nofp\libc_nano.a(libc_a-findfp.o) (_fwalk_sglue)
C:/ST/STM32CubeIDE_2.1.1/STM32CubeIDE/plugins/com.st.stm32cube.ide.mcu.externaltools.gnu-tools-for-stm32.14.3.rel1.win32_1.0.100.202602081740/tools/bin/../lib/gcc/arm-none-eabi/14.3.1/../../../../arm-none-eabi/lib/thumb/v7-m/nofp\libc_nano.a(libc_a-stdio.o)
                              C:/ST/STM32CubeIDE_2.1.1/STM32CubeIDE/plugins/com.st.stm32cube.ide.mcu.externaltools.gnu-tools-for-stm32.14.3.rel1.win32_1.0.100.202602081740/tools/bin/../lib/gcc/arm-none-eabi/14.3.1/../../../../arm-none-eabi/lib/thumb/v7-m/nofp\libc_nano.a(libc_a-findfp.o) (__sread)
C:/ST/STM32CubeIDE_2.1.1/STM32CubeIDE/plugins/com.st.stm32cube.ide.mcu.externaltools.gnu-tools-for-stm32.14.3.rel1.win32_1.0.100.202602081740/tools/bin/../lib/gcc/arm-none-eabi/14.3.1/../../../../arm-none-eabi/lib/thumb/v7-m/nofp\libc_nano.a(libc_a-memset.o)
                              C:/ST/STM32CubeIDE_2.1.1/STM32CubeIDE/plugins/com.st.stm32cube.ide.mcu.externaltools.gnu-tools-for-stm32.14.3.rel1.win32_1.0.100.202602081740/tools/bin/../lib/gcc/arm-none-eabi/14.3.1/../../../../arm-none-eabi/lib/thumb/v7-m/nofp/crt0.o (memset)
C:/ST/STM32CubeIDE_2.1.1/STM32CubeIDE/plugins/com.st.stm32cube.ide.mcu.externaltools.gnu-tools-for-stm32.14.3.rel1.win32_1.0.100.202602081740/tools/bin/../lib/gcc/arm-none-eabi/14.3.1/../../../../arm-none-eabi/lib/thumb/v7-m/nofp\libc_nano.a(libc_a-closer.o)
                              C:/ST/STM32CubeIDE_2.1.1/STM32CubeIDE/plugins/com.st.stm32cube.ide.mcu.externaltools.gnu-tools-for-stm32.14.3.rel1.win32_1.0.100.202602081740/tools/bin/../lib/gcc/arm-none-eabi/14.3.1/../../../../arm-none-eabi/lib/thumb/v7-m/nofp\libc_nano.a(libc_a-stdio.o) (_close_r)
C:/ST/STM32CubeIDE_2.1.1/STM32CubeIDE/plugins/com.st.stm32cube.ide.mcu.externaltools.gnu-tools-for-stm32.14.3.rel1.win32_1.0.100.202602081740/tools/bin/../lib/gcc/arm-none-eabi/14.3.1/../../../../arm-none-eabi/lib/thumb/v7-m/nofp\libc_nano.a(libc_a-reent.o)
                              C:/ST/STM32CubeIDE_2.1.1/STM32CubeIDE/plugins/com.st.stm32cube.ide.mcu.externaltools.gnu-tools-for-stm32.14.3.rel1.win32_1.0.100.202602081740/tools/bin/../lib/gcc/arm-none-eabi/14.3.1/../../../../arm-none-eabi/lib/thumb/v7-m/nofp\libc_nano.a(libc_a-closer.o) (errno)
C:/ST/STM32CubeIDE_2.1.1/STM32CubeIDE/plugins/com.st.stm32cube.ide.mcu.externaltools.gnu-tools-for-stm32.14.3.rel1.win32_1.0.100.202602081740/tools/bin/../lib/gcc/arm-none-eabi/14.3.1/../../../../arm-none-eabi/lib/thumb/v7-m/nofp\libc_nano.a(libc_a-impure.o)
                              C:/ST/STM32CubeIDE_2.1.1/STM32CubeIDE/plugins/com.st.stm32cube.ide.mcu.externaltools.gnu-tools-for-stm32.14.3.rel1.win32_1.0.100.202602081740/tools/bin/../lib/gcc/arm-none-eabi/14.3.1/../../../../arm-none-eabi/lib/thumb/v7-m/nofp\libc_nano.a(libc_a-reent.o) (_impure_ptr)
C:/ST/STM32CubeIDE_2.1.1/STM32CubeIDE/plugins/com.st.stm32cube.ide.mcu.externaltools.gnu-tools-for-stm32.14.3.rel1.win32_1.0.100.202602081740/tools/bin/../lib/gcc/arm-none-eabi/14.3.1/../../../../arm-none-eabi/lib/thumb/v7-m/nofp\libc_nano.a(libc_a-lseekr.o)
[...]
Memory Configuration

Name             Origin             Length             Attributes
RAM              0x20000000         0x00005000         xrw
FLASH            0x08000000         0x00010000         xr
*default*        0x00000000         0xffffffff

Linker script and memory map

LOAD C:/ST/STM32CubeIDE_2.1.1/STM32CubeIDE/plugins/com.st.stm32cube.ide.mcu.externaltools.gnu-tools-for-stm32.14.3.rel1.win32_1.0.100.202602081740/tools/bin/../lib/gcc/arm-none-eabi/14.3.1/thumb/v7-m/nofp/crti.o
LOAD C:/ST/STM32CubeIDE_2.1.1/STM32CubeIDE/plugins/com.st.stm32cube.ide.mcu.externaltools.gnu-tools-for-stm32.14.3.rel1.win32_1.0.100.202602081740/tools/bin/../lib/gcc/arm-none-eabi/14.3.1/thumb/v7-m/nofp/crtbegin.o
LOAD C:/ST/STM32CubeIDE_2.1.1/STM32CubeIDE/plugins/com.st.stm32cube.ide.mcu.externaltools.gnu-tools-for-stm32.14.3.rel1.win32_1.0.100.202602081740/tools/bin/../lib/gcc/arm-none-eabi/14.3.1/../../../../arm-none-eabi/lib/thumb/v7-m/nofp/crt0.o
LOAD ./Core/Src/adc.o
LOAD ./Core/Src/dma.o
LOAD ./Core/Src/gpio.o
LOAD ./Core/Src/main.o
LOAD ./Core/Src/stm32f1xx_hal_msp.o
LOAD ./Core/Src/stm32f1xx_it.o
LOAD ./Core/Src/syscalls.o
LOAD ./Core/Src/sysmem.o
LOAD ./Core/Src/system_stm32f1xx.o
LOAD ./Core/Src/tim.o
LOAD ./Core/Src/usart.o
LOAD ./Core/Startup/startup_stm32f103c8tx.o
LOAD ./Drivers/STM32F1xx_HAL_Driver/Src/stm32f1xx_hal.o
LOAD ./Drivers/STM32F1xx_HAL_Driver/Src/stm32f1xx_hal_adc.o
LOAD ./Drivers/STM32F1xx_HAL_Driver/Src/stm32f1xx_hal_adc_ex.o
LOAD ./Drivers/STM32F1xx_HAL_Driver/Src/stm32f1xx_hal_cortex.o
LOAD ./Drivers/STM32F1xx_HAL_Driver/Src/stm32f1xx_hal_dma.o
LOAD ./Drivers/STM32F1xx_HAL_Driver/Src/stm32f1xx_hal_exti.o
LOAD ./Drivers/STM32F1xx_HAL_Driver/Src/stm32f1xx_hal_flash.o
LOAD ./Drivers/STM32F1xx_HAL_Driver/Src/stm32f1xx_hal_flash_ex.o
LOAD ./Drivers/STM32F1xx_HAL_Driver/Src/stm32f1xx_hal_gpio.o
LOAD ./Drivers/STM32F1xx_HAL_Driver/Src/stm32f1xx_hal_gpio_ex.o
LOAD ./Drivers/STM32F1xx_HAL_Driver/Src/stm32f1xx_hal_pwr.o
LOAD ./Drivers/STM32F1xx_HAL_Driver/Src/stm32f1xx_hal_rcc.o
LOAD ./Drivers/STM32F1xx_HAL_Driver/Src/stm32f1xx_hal_rcc_ex.o
LOAD ./Drivers/STM32F1xx_HAL_Driver/Src/stm32f1xx_hal_tim.o
LOAD ./Drivers/STM32F1xx_HAL_Driver/Src/stm32f1xx_hal_tim_ex.o
LOAD ./Drivers/STM32F1xx_HAL_Driver/Src/stm32f1xx_hal_uart.o
START GROUP
LOAD C:/ST/STM32CubeIDE_2.1.1/STM32CubeIDE/plugins/com.st.stm32cube.ide.mcu.externaltools.gnu-tools-for-stm32.14.3.rel1.win32_1.0.100.202602081740/tools/bin/../lib/gcc/arm-none-eabi/14.3.1/../../../../arm-none-eabi/lib/thumb/v7-m/nofp\libc_nano.a
LOAD C:/ST/STM32CubeIDE_2.1.1/STM32CubeIDE/plugins/com.st.stm32cube.ide.mcu.externaltools.gnu-tools-for-stm32.14.3.rel1.win32_1.0.100.202602081740/tools/bin/../lib/gcc/arm-none-eabi/14.3.1/../../../../arm-none-eabi/lib/thumb/v7-m/nofp\libm.a
END GROUP
START GROUP
LOAD C:/ST/STM32CubeIDE_2.1.1/STM32CubeIDE/plugins/com.st.stm32cube.ide.mcu.externaltools.gnu-tools-for-stm32.14.3.rel1.win32_1.0.100.202602081740/tools/bin/../lib/gcc/arm-none-eabi/14.3.1/thumb/v7-m/nofp\libgcc.a
LOAD C:/ST/STM32CubeIDE_2.1.1/STM32CubeIDE/plugins/com.st.stm32cube.ide.mcu.externaltools.gnu-tools-for-stm32.14.3.rel1.win32_1.0.100.202602081740/tools/bin/../lib/gcc/arm-none-eabi/14.3.1/../../../../arm-none-eabi/lib/thumb/v7-m/nofp\libc_nano.a
END GROUP
START GROUP
LOAD C:/ST/STM32CubeIDE_2.1.1/STM32CubeIDE/plugins/com.st.stm32cube.ide.mcu.externaltools.gnu-tools-for-stm32.14.3.rel1.win32_1.0.100.202602081740/tools/bin/../lib/gcc/arm-none-eabi/14.3.1/thumb/v7-m/nofp\libgcc.a
LOAD C:/ST/STM32CubeIDE_2.1.1/STM32CubeIDE/plugins/com.st.stm32cube.ide.mcu.externaltools.gnu-tools-for-stm32.14.3.rel1.win32_1.0.100.202602081740/tools/bin/../lib/gcc/arm-none-eabi/14.3.1/../../../../arm-none-eabi/lib/thumb/v7-m/nofp\libc_nano.a
LOAD C:/ST/STM32CubeIDE_2.1.1/STM32CubeIDE/plugins/com.st.stm32cube.ide.mcu.externaltools.gnu-tools-for-stm32.14.3.rel1.win32_1.0.100.202602081740/tools/bin/../lib/gcc/arm-none-eabi/14.3.1/../../../../arm-none-eabi/lib/thumb/v7-m/nofp\libnosys.a
END GROUP
START GROUP
LOAD C:/ST/STM32CubeIDE_2.1.1/STM32CubeIDE/plugins/com.st.stm32cube.ide.mcu.externaltools.gnu-tools-for-stm32.14.3.rel1.win32_1.0.100.202602081740/tools/bin/../lib/gcc/arm-none-eabi/14.3.1/thumb/v7-m/nofp\libgcc.a
LOAD C:/ST/STM32CubeIDE_2.1.1/STM32CubeIDE/plugins/com.st.stm32cube.ide.mcu.externaltools.gnu-tools-for-stm32.14.3.rel1.win32_1.0.100.202602081740/tools/bin/../lib/gcc/arm-none-eabi/14.3.1/../../../../arm-none-eabi/lib/thumb/v7-m/nofp\libc_nano.a
LOAD C:/ST/STM32CubeIDE_2.1.1/STM32CubeIDE/plugins/com.st.stm32cube.ide.mcu.externaltools.gnu-tools-for-stm32.14.3.rel1.win32_1.0.100.202602081740/tools/bin/../lib/gcc/arm-none-eabi/14.3.1/../../../../arm-none-eabi/lib/thumb/v7-m/nofp\libnosys.a
END GROUP
LOAD C:/ST/STM32CubeIDE_2.1.1/STM32CubeIDE/plugins/com.st.stm32cube.ide.mcu.externaltools.gnu-tools-for-stm32.14.3.rel1.win32_1.0.100.202602081740/tools/bin/../lib/gcc/arm-none-eabi/14.3.1/thumb/v7-m/nofp/crtend.o
LOAD C:/ST/STM32CubeIDE_2.1.1/STM32CubeIDE/plugins/com.st.stm32cube.ide.mcu.externaltools.gnu-tools-for-stm32.14.3.rel1.win32_1.0.100.202602081740/tools/bin/../lib/gcc/arm-none-eabi/14.3.1/thumb/v7-m/nofp/crtn.o
                0x20005000                        _estack = (ORIGIN (RAM) + LENGTH (RAM))
                0x00000200                        _Min_Heap_Size = 0x200
                0x00000400                        _Min_Stack_Size = 0x400

.isr_vector     0x08000000      0x10c
                0x08000000                        . = ALIGN (0x4)
 *(.isr_vector)
 .isr_vector    0x08000000      0x10c ./Core/Startup/startup_stm32f103c8tx.o
                0x08000000                g_pfnVectors
                0x0800010c                        . = ALIGN (0x4)

.text           0x0800010c     0x4ce4
                0x0800010c                        . = ALIGN (0x4)
 *(.text)
 .text          0x0800010c       0x40 C:/ST/STM32CubeIDE_2.1.1/STM32CubeIDE/plugins/com.st.stm32cube.ide.mcu.externaltools.gnu-tools-for-stm32.14.3.rel1.win32_1.0.100.202602081740/tools/bin/../lib/gcc/arm-none-eabi/14.3.1/thumb/v7-m/nofp/crtbegin.o
 *(.text*)
 .text.MX_ADC1_Init
                0x0800014c       0x7c ./Core/Src/adc.o
                0x0800014c                MX_ADC1_Init
 .text.HAL_ADC_MspInit
                0x080001c8       0xd4 ./Core/Src/adc.o
                0x080001c8                HAL_ADC_MspInit
 .text.MX_DMA_Init
                0x0800029c       0x3c ./Core/Src/dma.o
                0x0800029c                MX_DMA_Init
 .text.MX_GPIO_Init
                0x080002d8       0xcc ./Core/Src/gpio.o
                0x080002d8                MX_GPIO_Init
 .text.MovingAverage_Update
                0x080003a4       0x90 ./Core/Src/main.o
                0x080003a4                MovingAverage_Update
 .text.ADC_To_LED_CCR
                0x08000434       0x34 ./Core/Src/main.o
                0x08000434                ADC_To_LED_CCR
 .text.ADC_To_Servo_US
                0x08000468       0x38 ./Core/Src/main.o
                0x08000468                ADC_To_Servo_US
 .text.Check_Button
                0x080004a0       0x84 ./Core/Src/main.o
                0x080004a0                Check_Button
 .text.Update_Mode_LED
                0x08000524       0xb4 ./Core/Src/main.o
                0x08000524                Update_Mode_LED
 .text.XOR_Checksum
                0x080005d8       0x42 ./Core/Src/main.o
                0x080005d8                XOR_Checksum
 *fill*         0x0800061a        0x2 
 .text.Build_Uplink_Packet
                0x0800061c       0x9c ./Core/Src/main.o
                0x0800061c                Build_Uplink_Packet
 .text.Process_Downlink_Packet
                0x080006b8       0xec ./Core/Src/main.o
                0x080006b8                Process_Downlink_Packet
 .text.Update_Link_Status
                0x080007a4       0x44 ./Core/Src/main.o
                0x080007a4                Update_Link_Status
 .text.main     0x080007e8       0x9c ./Core/Src/main.o
                0x080007e8                main
 .text.SystemClock_Config
                0x08000884       0xb6 ./Core/Src/main.o
                0x08000884                SystemClock_Config
 *fill*         0x0800093a        0x2 
 .text.HAL_TIM_PeriodElapsedCallback
                0x0800093c      0x104 ./Core/Src/main.o
                0x0800093c                HAL_TIM_PeriodElapsedCallback
 .text.HAL_UART_TxCpltCallback
                0x08000a40       0x2c ./Core/Src/main.o
                0x08000a40                HAL_UART_TxCpltCallback
 .text.HAL_UART_RxCpltCallback
                0x08000a6c       0xf0 ./Core/Src/main.o
                0x08000a6c                HAL_UART_RxCpltCallback
 .text.HAL_UART_ErrorCallback
                0x08000b5c       0x44 ./Core/Src/main.o
                0x08000b5c                HAL_UART_ErrorCallback
 .text.Error_Handler
                0x08000ba0        0xc ./Core/Src/main.o
                0x08000ba0                Error_Handler
 .text.HAL_MspInit
                0x08000bac       0x64 ./Core/Src/stm32f1xx_hal_msp.o
                0x08000bac                HAL_MspInit
 .text.NMI_Handler
                0x08000c10        0x8 ./Core/Src/stm32f1xx_it.o
                0x08000c10                NMI_Handler
 .text.HardFault_Handler
                0x08000c18        0x8 ./Core/Src/stm32f1xx_it.o
                0x08000c18                HardFault_Handler
 .text.MemManage_Handler
                0x08000c20        0x8 ./Core/Src/stm32f1xx_it.o
                0x08000c20                MemManage_Handler
 .text.BusFault_Handler
                0x08000c28        0x8 ./Core/Src/stm32f1xx_it.o
                0x08000c28                BusFault_Handler
 .text.UsageFault_Handler
                0x08000c30        0x8 ./Core/Src/stm32f1xx_it.o
                0x08000c30                UsageFault_Handler
 .text.SVC_Handler
                0x08000c38        0xc ./Core/Src/stm32f1xx_it.o
                0x08000c38                SVC_Handler
 .text.DebugMon_Handler
                0x08000c44        0xc ./Core/Src/stm32f1xx_it.o
                0x08000c44                DebugMon_Handler
 .text.PendSV_Handler
                0x08000c50        0xc ./Core/Src/stm32f1xx_it.o
                0x08000c50                PendSV_Handler
 .text.SysTick_Handler
                0x08000c5c        0xc ./Core/Src/stm32f1xx_it.o
                0x08000c5c                SysTick_Handler
 .text.DMA1_Channel1_IRQHandler
                0x08000c68       0x14 ./Core/Src/stm32f1xx_it.o
                0x08000c68                DMA1_Channel1_IRQHandler
 .text.TIM2_IRQHandler
                0x08000c7c       0x14 ./Core/Src/stm32f1xx_it.o
                0x08000c7c                TIM2_IRQHandler
 .text.USART2_IRQHandler
                0x08000c90       0x14 ./Core/Src/stm32f1xx_it.o
                0x08000c90                USART2_IRQHandler
 .text.SystemInit
                0x08000ca4        0xc ./Core/Src/system_stm32f1xx.o
                0x08000ca4                SystemInit
 .text.MX_TIM1_Init
                0x08000cb0      0x144 ./Core/Src/tim.o
                0x08000cb0                MX_TIM1_Init
 .text.MX_TIM2_Init
                0x08000df4       0x9c ./Core/Src/tim.o
                0x08000df4                MX_TIM2_Init
 .text.MX_TIM3_Init
                0x08000e90       0x9c ./Core/Src/tim.o
                0x08000e90                MX_TIM3_Init
 .text.MX_TIM4_Init
                0x08000f2c       0xec ./Core/Src/tim.o
                0x08000f2c                MX_TIM4_Init
 .text.HAL_TIM_Base_MspInit
                0x08001018       0xc0 ./Core/Src/tim.o
                0x08001018                HAL_TIM_Base_MspInit
 .text.HAL_TIM_MspPostInit
                0x080010d8       0xac ./Core/Src/tim.o
                0x080010d8                HAL_TIM_MspPostInit
 .text.MX_USART2_UART_Init
                0x08001184       0x54 ./Core/Src/usart.o
                0x08001184                MX_USART2_UART_Init
 .text.HAL_UART_MspInit
                0x080011d8       0xa4 ./Core/Src/usart.o
                0x080011d8                HAL_UART_MspInit
 .text.Reset_Handler
                0x0800127c       0x48 ./Core/Startup/startup_stm32f103c8tx.o
                0x0800127c                Reset_Handler
 .text.Default_Handler
                0x080012c4        0x2 ./Core/Startup/startup_stm32f103c8tx.o
                0x080012c4                RTC_Alarm_IRQHandler
                0x080012c4                EXTI2_IRQHandler
                0x080012c4                TIM1_CC_IRQHandler
                0x080012c4                PVD_IRQHandler
                0x080012c4                EXTI3_IRQHandler
                0x080012c4                EXTI0_IRQHandler
                0x080012c4                I2C2_EV_IRQHandler
                0x080012c4                ADC1_2_IRQHandler
                0x080012c4                SPI1_IRQHandler
                0x080012c4                TAMPER_IRQHandler
                0x080012c4                DMA1_Channel4_IRQHandler
                0x080012c4                USART3_IRQHandler
                0x080012c4                RTC_IRQHandler
                0x080012c4                DMA1_Channel7_IRQHandler
                0x080012c4                CAN1_RX1_IRQHandler
                0x080012c4                TIM4_IRQHandler
                0x080012c4                I2C1_EV_IRQHandler
                0x080012c4                DMA1_Channel6_IRQHandler
                0x080012c4                TIM3_IRQHandler
                0x080012c4                RCC_IRQHandler
                0x080012c4                TIM1_TRG_COM_IRQHandler
                0x080012c4                Default_Handler
                0x080012c4                EXTI15_10_IRQHandler
                0x080012c4                EXTI9_5_IRQHandler
                0x080012c4                SPI2_IRQHandler
                0x080012c4                DMA1_Channel5_IRQHandler
                0x080012c4                EXTI4_IRQHandler
                0x080012c4                USB_LP_CAN1_RX0_IRQHandler
                0x080012c4                USB_HP_CAN1_TX_IRQHandler
                0x080012c4                DMA1_Channel3_IRQHandler
                0x080012c4                TIM1_UP_IRQHandler
                0x080012c4                WWDG_IRQHandler
                0x080012c4                TIM1_BRK_IRQHandler
                0x080012c4                EXTI1_IRQHandler
                0x080012c4                I2C2_ER_IRQHandler
                0x080012c4                DMA1_Channel2_IRQHandler
                0x080012c4                CAN1_SCE_IRQHandler
                0x080012c4                FLASH_IRQHandler
                0x080012c4                USART1_IRQHandler
                0x080012c4                I2C1_ER_IRQHandler
                0x080012c4                USBWakeUp_IRQHandler
 *fill*         0x080012c6        0x2 
 .text.HAL_Init
                0x080012c8       0x2c ./Drivers/STM32F1xx_HAL_Driver/Src/stm32f1xx_hal.o
                0x080012c8                HAL_Init
 .text.HAL_InitTick
                0x080012f4       0x60 ./Drivers/STM32F1xx_HAL_Driver/Src/stm32f1xx_hal.o
                0x080012f4                HAL_InitTick
 .text.HAL_IncTick
                0x08001354       0x24 ./Drivers/STM32F1xx_HAL_Driver/Src/stm32f1xx_hal.o
                0x08001354                HAL_IncTick
 .text.HAL_GetTick
                0x08001378       0x14 ./Drivers/STM32F1xx_HAL_Driver/Src/stm32f1xx_hal.o
                0x08001378                HAL_GetTick
 .text.HAL_ADC_Init
                0x0800138c      0x1b0 ./Drivers/STM32F1xx_HAL_Driver/Src/stm32f1xx_hal_adc.o
                0x0800138c                HAL_ADC_Init
 .text.HAL_ADC_Start_DMA
                0x0800153c      0x1bc ./Drivers/STM32F1xx_HAL_Driver/Src/stm32f1xx_hal_adc.o
                0x0800153c                HAL_ADC_Start_DMA
 .text.HAL_ADC_ConvCpltCallback
                0x080016f8       0x12 ./Drivers/STM32F1xx_HAL_Driver/Src/stm32f1xx_hal_adc.o
                0x080016f8                HAL_ADC_ConvCpltCallback
 .text.HAL_ADC_ConvHalfCpltCallback
                0x0800170a       0x12 ./Drivers/STM32F1xx_HAL_Driver/Src/stm32f1xx_hal_adc.o
                0x0800170a                HAL_ADC_ConvHalfCpltCallback
 .text.HAL_ADC_ErrorCallback
                0x0800171c       0x12 ./Drivers/STM32F1xx_HAL_Driver/Src/stm32f1xx_hal_adc.o
                0x0800171c                HAL_ADC_ErrorCallback
 *fill*         0x0800172e        0x2 
 .text.HAL_ADC_ConfigChannel
                0x08001730      0x1f0 ./Drivers/STM32F1xx_HAL_Driver/Src/stm32f1xx_hal_adc.o
                0x08001730                HAL_ADC_ConfigChannel
 .text.ADC_Enable
                0x08001920       0xb4 ./Drivers/STM32F1xx_HAL_Driver/Src/stm32f1xx_hal_adc.o
                0x08001920                ADC_Enable
 .text.ADC_ConversionStop_Disable
                0x080019d4       0x82 ./Drivers/STM32F1xx_HAL_Driver/Src/stm32f1xx_hal_adc.o
                0x080019d4                ADC_ConversionStop_Disable
 .text.ADC_DMAConvCplt
                0x08001a56       0x7c ./Drivers/STM32F1xx_HAL_Driver/Src/stm32f1xx_hal_adc.o
                0x08001a56                ADC_DMAConvCplt
 .text.ADC_DMAHalfConvCplt
                0x08001ad2       0x1c ./Drivers/STM32F1xx_HAL_Driver/Src/stm32f1xx_hal_adc.o
                0x08001ad2                ADC_DMAHalfConvCplt
 .text.ADC_DMAError
                0x08001aee       0x34 ./Drivers/STM32F1xx_HAL_Driver/Src/stm32f1xx_hal_adc.o
                0x08001aee                ADC_DMAError
 *fill*         0x08001b22        0x2 
 .text.HAL_ADCEx_Calibration_Start
                0x08001b24      0x15c ./Drivers/STM32F1xx_HAL_Driver/Src/stm32f1xx_hal_adc_ex.o
                0x08001b24                HAL_ADCEx_Calibration_Start
 .text.__NVIC_SetPriorityGrouping
                0x08001c80       0x48 ./Drivers/STM32F1xx_HAL_Driver/Src/stm32f1xx_hal_cortex.o
 .text.__NVIC_GetPriorityGrouping
                0x08001cc8       0x1c ./Drivers/STM32F1xx_HAL_Driver/Src/stm32f1xx_hal_cortex.o
 .text.__NVIC_EnableIRQ
                0x08001ce4       0x38 ./Drivers/STM32F1xx_HAL_Driver/Src/stm32f1xx_hal_cortex.o
 .text.__NVIC_SetPriority
                0x08001d1c       0x54 ./Drivers/STM32F1xx_HAL_Driver/Src/stm32f1xx_hal_cortex.o
 .text.NVIC_EncodePriority
                0x08001d70       0x64 ./Drivers/STM32F1xx_HAL_Driver/Src/stm32f1xx_hal_cortex.o
 .text.SysTick_Config
                0x08001dd4       0x44 ./Drivers/STM32F1xx_HAL_Driver/Src/stm32f1xx_hal_cortex.o
 .text.HAL_NVIC_SetPriorityGrouping
                0x08001e18       0x16 ./Drivers/STM32F1xx_HAL_Driver/Src/stm32f1xx_hal_cortex.o
                0x08001e18                HAL_NVIC_SetPriorityGrouping
 .text.HAL_NVIC_SetPriority
                0x08001e2e       0x38 ./Drivers/STM32F1xx_HAL_Driver/Src/stm32f1xx_hal_cortex.o
                0x08001e2e                HAL_NVIC_SetPriority
 .text.HAL_NVIC_EnableIRQ
                0x08001e66       0x1c ./Drivers/STM32F1xx_HAL_Driver/Src/stm32f1xx_hal_cortex.o
                0x08001e66                HAL_NVIC_EnableIRQ
 .text.HAL_SYSTICK_Config
                0x08001e82       0x18 ./Drivers/STM32F1xx_HAL_Driver/Src/stm32f1xx_hal_cortex.o
                0x08001e82                HAL_SYSTICK_Config
 *fill*         0x08001e9a        0x2 
 .text.HAL_DMA_Init
                0x08001e9c       0xb4 ./Drivers/STM32F1xx_HAL_Driver/Src/stm32f1xx_hal_dma.o
                0x08001e9c                HAL_DMA_Init
 .text.HAL_DMA_Start_IT
                0x08001f50       0xc0 ./Drivers/STM32F1xx_HAL_Driver/Src/stm32f1xx_hal_dma.o
                0x08001f50                HAL_DMA_Start_IT
 .text.HAL_DMA_Abort
                0x08002010       0x76 ./Drivers/STM32F1xx_HAL_Driver/Src/stm32f1xx_hal_dma.o
                0x08002010                HAL_DMA_Abort
 *fill*         0x08002086        0x2 
 .text.HAL_DMA_Abort_IT
                0x08002088       0xf0 ./Drivers/STM32F1xx_HAL_Driver/Src/stm32f1xx_hal_dma.o
                0x08002088                HAL_DMA_Abort_IT
 .text.HAL_DMA_IRQHandler
                0x08002178      0x20c ./Drivers/STM32F1xx_HAL_Driver/Src/stm32f1xx_hal_dma.o
                0x08002178                HAL_DMA_IRQHandler
 .text.DMA_SetConfig
                0x08002384       0x5a ./Drivers/STM32F1xx_HAL_Driver/Src/stm32f1xx_hal_dma.o
 *fill*         0x080023de        0x2 
 .text.HAL_GPIO_Init
                0x080023e0      0x308 ./Drivers/STM32F1xx_HAL_Driver/Src/stm32f1xx_hal_gpio.o
                0x080023e0                HAL_GPIO_Init
 .text.HAL_GPIO_ReadPin
                0x080026e8       0x2e ./Drivers/STM32F1xx_HAL_Driver/Src/stm32f1xx_hal_gpio.o
                0x080026e8                HAL_GPIO_ReadPin
 .text.HAL_GPIO_WritePin
                0x08002716       0x30 ./Drivers/STM32F1xx_HAL_Driver/Src/stm32f1xx_hal_gpio.o
                0x08002716                HAL_GPIO_WritePin
 *fill*         0x08002746        0x2 
 .text.HAL_RCC_OscConfig
                0x08002748      0x504 ./Drivers/STM32F1xx_HAL_Driver/Src/stm32f1xx_hal_rcc.o
                0x08002748                HAL_RCC_OscConfig
 .text.HAL_RCC_ClockConfig
                0x08002c4c      0x1d4 ./Drivers/STM32F1xx_HAL_Driver/Src/stm32f1xx_hal_rcc.o
                0x08002c4c                HAL_RCC_ClockConfig
 .text.HAL_RCC_GetSysClockFreq
                0x08002e20       0xa8 ./Drivers/STM32F1xx_HAL_Driver/Src/stm32f1xx_hal_rcc.o
                0x08002e20                HAL_RCC_GetSysClockFreq
 .text.HAL_RCC_GetHCLKFreq
                0x08002ec8       0x14 ./Drivers/STM32F1xx_HAL_Driver/Src/stm32f1xx_hal_rcc.o
                0x08002ec8                HAL_RCC_GetHCLKFreq
 .text.HAL_RCC_GetPCLK1Freq
                0x08002edc       0x28 ./Drivers/STM32F1xx_HAL_Driver/Src/stm32f1xx_hal_rcc.o
                0x08002edc                HAL_RCC_GetPCLK1Freq
 .text.HAL_RCC_GetPCLK2Freq
                0x08002f04       0x28 ./Drivers/STM32F1xx_HAL_Driver/Src/stm32f1xx_hal_rcc.o
                0x08002f04                HAL_RCC_GetPCLK2Freq
 .text.RCC_Delay
                0x08002f2c       0x3c ./Drivers/STM32F1xx_HAL_Driver/Src/stm32f1xx_hal_rcc.o
 .text.HAL_RCCEx_PeriphCLKConfig
                0x08002f68      0x16c ./Drivers/STM32F1xx_HAL_Driver/Src/stm32f1xx_hal_rcc_ex.o
                0x08002f68                HAL_RCCEx_PeriphCLKConfig
 .text.HAL_RCCEx_GetPeriphCLKFreq
                0x080030d4      0x16c ./Drivers/STM32F1xx_HAL_Driver/Src/stm32f1xx_hal_rcc_ex.o
                0x080030d4                HAL_RCCEx_GetPeriphCLKFreq
 .text.HAL_TIM_Base_Init
                0x08003240       0x9e ./Drivers/STM32F1xx_HAL_Driver/Src/stm32f1xx_hal_tim.o
                0x08003240                HAL_TIM_Base_Init
 *fill*         0x080032de        0x2 
 .text.HAL_TIM_Base_Start
                0x080032e0       0x94 ./Drivers/STM32F1xx_HAL_Driver/Src/stm32f1xx_hal_tim.o
                0x080032e0                HAL_TIM_Base_Start
 .text.HAL_TIM_Base_Start_IT
                0x08003374       0xa4 ./Drivers/STM32F1xx_HAL_Driver/Src/stm32f1xx_hal_tim.o
                0x08003374                HAL_TIM_Base_Start_IT
 .text.HAL_TIM_PWM_Init
                0x08003418       0x9e ./Drivers/STM32F1xx_HAL_Driver/Src/stm32f1xx_hal_tim.o
                0x08003418                HAL_TIM_PWM_Init
 .text.HAL_TIM_PWM_MspInit
                0x080034b6       0x12 ./Drivers/STM32F1xx_HAL_Driver/Src/stm32f1xx_hal_tim.o
                0x080034b6                HAL_TIM_PWM_MspInit
 .text.HAL_TIM_PWM_Start
                0x080034c8      0x144 ./Drivers/STM32F1xx_HAL_Driver/Src/stm32f1xx_hal_tim.o
                0x080034c8                HAL_TIM_PWM_Start
 .text.HAL_TIM_IRQHandler
                0x0800360c      0x1e0 ./Drivers/STM32F1xx_HAL_Driver/Src/stm32f1xx_hal_tim.o
                0x0800360c                HAL_TIM_IRQHandler
 .text.HAL_TIM_PWM_ConfigChannel
                0x080037ec      0x184 ./Drivers/STM32F1xx_HAL_Driver/Src/stm32f1xx_hal_tim.o
                0x080037ec                HAL_TIM_PWM_ConfigChannel
 .text.HAL_TIM_ConfigClockSource
                0x08003970      0x18e ./Drivers/STM32F1xx_HAL_Driver/Src/stm32f1xx_hal_tim.o
                0x08003970                HAL_TIM_ConfigClockSource
 .text.HAL_TIM_OC_DelayElapsedCallback
                0x08003afe       0x12 ./Drivers/STM32F1xx_HAL_Driver/Src/stm32f1xx_hal_tim.o
                0x08003afe                HAL_TIM_OC_DelayElapsedCallback
 .text.HAL_TIM_IC_CaptureCallback
                0x08003b10       0x12 ./Drivers/STM32F1xx_HAL_Driver/Src/stm32f1xx_hal_tim.o
                0x08003b10                HAL_TIM_IC_CaptureCallback
 .text.HAL_TIM_PWM_PulseFinishedCallback
                0x08003b22       0x12 ./Drivers/STM32F1xx_HAL_Driver/Src/stm32f1xx_hal_tim.o
                0x08003b22                HAL_TIM_PWM_PulseFinishedCallback
 .text.HAL_TIM_TriggerCallback
                0x08003b34       0x12 ./Drivers/STM32F1xx_HAL_Driver/Src/stm32f1xx_hal_tim.o
                0x08003b34                HAL_TIM_TriggerCallback
 *fill*         0x08003b46        0x2 
 .text.TIM_Base_SetConfig
                0x08003b48       0xdc ./Drivers/STM32F1xx_HAL_Driver/Src/stm32f1xx_hal_tim.o
                0x08003b48                TIM_Base_SetConfig
 .text.TIM_OC1_SetConfig
                0x08003c24       0xcc ./Drivers/STM32F1xx_HAL_Driver/Src/stm32f1xx_hal_tim.o
 .text.TIM_OC2_SetConfig
                0x08003cf0       0xd4 ./Drivers/STM32F1xx_HAL_Driver/Src/stm32f1xx_hal_tim.o
                0x08003cf0                TIM_OC2_SetConfig
 .text.TIM_OC3_SetConfig
                0x08003dc4       0xd4 ./Drivers/STM32F1xx_HAL_Driver/Src/stm32f1xx_hal_tim.o
 .text.TIM_OC4_SetConfig
                0x08003e98       0x9c ./Drivers/STM32F1xx_HAL_Driver/Src/stm32f1xx_hal_tim.o
 .text.TIM_TI1_ConfigInputStage
                0x08003f34       0x5c ./Drivers/STM32F1xx_HAL_Driver/Src/stm32f1xx_hal_tim.o
 .text.TIM_TI2_ConfigInputStage
                0x08003f90       0x5e ./Drivers/STM32F1xx_HAL_Driver/Src/stm32f1xx_hal_tim.o
 .text.TIM_ITRx_SetConfig
                0x08003fee       0x34 ./Drivers/STM32F1xx_HAL_Driver/Src/stm32f1xx_hal_tim.o
 .text.TIM_ETR_SetConfig
                0x08004022       0x3e ./Drivers/STM32F1xx_HAL_Driver/Src/stm32f1xx_hal_tim.o
                0x08004022                TIM_ETR_SetConfig
 .text.TIM_CCxChannelCmd
                0x08004060       0x48 ./Drivers/STM32F1xx_HAL_Driver/Src/stm32f1xx_hal_tim.o
                0x08004060                TIM_CCxChannelCmd
 .text.HAL_TIMEx_MasterConfigSynchronization
                0x080040a8       0xbc ./Drivers/STM32F1xx_HAL_Driver/Src/stm32f1xx_hal_tim_ex.o
                0x080040a8                HAL_TIMEx_MasterConfigSynchronization
 .text.HAL_TIMEx_ConfigBreakDeadTime
                0x08004164       0xa2 ./Drivers/STM32F1xx_HAL_Driver/Src/stm32f1xx_hal_tim_ex.o
                0x08004164                HAL_TIMEx_ConfigBreakDeadTime
 .text.HAL_TIMEx_CommutCallback
                0x08004206       0x12 ./Drivers/STM32F1xx_HAL_Driver/Src/stm32f1xx_hal_tim_ex.o
                0x08004206                HAL_TIMEx_CommutCallback
 .text.HAL_TIMEx_BreakCallback
                0x08004218       0x12 ./Drivers/STM32F1xx_HAL_Driver/Src/stm32f1xx_hal_tim_ex.o
                0x08004218                HAL_TIMEx_BreakCallback
 .text.HAL_UART_Init
                0x0800422a       0xa0 ./Drivers/STM32F1xx_HAL_Driver/Src/stm32f1xx_hal_uart.o
                0x0800422a                HAL_UART_Init
 .text.HAL_UART_Transmit_IT
                0x080042ca       0x6a ./Drivers/STM32F1xx_HAL_Driver/Src/stm32f1xx_hal_uart.o
                0x080042ca                HAL_UART_Transmit_IT
 .text.HAL_UART_Receive_IT
                0x08004334       0x4a ./Drivers/STM32F1xx_HAL_Driver/Src/stm32f1xx_hal_uart.o
                0x08004334                HAL_UART_Receive_IT
 *fill*         0x0800437e        0x2 
 .text.HAL_UART_IRQHandler
                0x08004380      0x524 ./Drivers/STM32F1xx_HAL_Driver/Src/stm32f1xx_hal_uart.o
                0x08004380                HAL_UART_IRQHandler
 .text.HAL_UARTEx_RxEventCallback
                0x080048a4       0x16 ./Drivers/STM32F1xx_HAL_Driver/Src/stm32f1xx_hal_uart.o
                0x080048a4                HAL_UARTEx_RxEventCallback
 .text.UART_Start_Receive_IT
                0x080048ba       0x72 ./Drivers/STM32F1xx_HAL_Driver/Src/stm32f1xx_hal_uart.o
                0x080048ba                UART_Start_Receive_IT
 .text.UART_EndRxTransfer
                0x0800492c       0xc4 ./Drivers/STM32F1xx_HAL_Driver/Src/stm32f1xx_hal_uart.o
 .text.UART_DMAAbortOnError
                0x080049f0       0x28 ./Drivers/STM32F1xx_HAL_Driver/Src/stm32f1xx_hal_uart.o
 .text.UART_Transmit_IT
                0x08004a18       0x9e ./Drivers/STM32F1xx_HAL_Driver/Src/stm32f1xx_hal_uart.o
 .text.UART_EndTransmit_IT
                0x08004ab6       0x30 ./Drivers/STM32F1xx_HAL_Driver/Src/stm32f1xx_hal_uart.o
 .text.UART_Receive_IT
                0x08004ae6      0x17c ./Drivers/STM32F1xx_HAL_Driver/Src/stm32f1xx_hal_uart.o
 *fill*         0x08004c62        0x2 
 .text.UART_SetConfig
                0x08004c64      0x11c ./Drivers/STM32F1xx_HAL_Driver/Src/stm32f1xx_hal_uart.o
 .text.memset   0x08004d80       0x10 C:/ST/STM32CubeIDE_2.1.1/STM32CubeIDE/plugins/com.st.stm32cube.ide.mcu.externaltools.gnu-tools-for-stm32.14.3.rel1.win32_1.0.100.202602081740/tools/bin/../lib/gcc/arm-none-eabi/14.3.1/../../../../arm-none-eabi/lib/thumb/v7-m/nofp\libc_nano.a(libc_a-memset.o)
                0x08004d80                memset
 .text.__libc_init_array
                0x08004d90       0x48 C:/ST/STM32CubeIDE_2.1.1/STM32CubeIDE/plugins/com.st.stm32cube.ide.mcu.externaltools.gnu-tools-for-stm32.14.3.rel1.win32_1.0.100.202602081740/tools/bin/../lib/gcc/arm-none-eabi/14.3.1/../../../../arm-none-eabi/lib/thumb/v7-m/nofp\libc_nano.a(libc_a-init.o)
                0x08004d90                __libc_init_array
 *(.glue_7)
 .glue_7        0x08004dd8        0x0 linker stubs
 *(.glue_7t)
 .glue_7t       0x08004dd8        0x0 linker stubs
 *(.eh_frame)
 .eh_frame      0x08004dd8        0x0 C:/ST/STM32CubeIDE_2.1.1/STM32CubeIDE/plugins/com.st.stm32cube.ide.mcu.externaltools.gnu-tools-for-stm32.14.3.rel1.win32_1.0.100.202602081740/tools/bin/../lib/gcc/arm-none-eabi/14.3.1/thumb/v7-m/nofp/crtbegin.o
 *(.init)
 .init          0x08004dd8        0x4 C:/ST/STM32CubeIDE_2.1.1/STM32CubeIDE/plugins/com.st.stm32cube.ide.mcu.externaltools.gnu-tools-for-stm32.14.3.rel1.win32_1.0.100.202602081740/tools/bin/../lib/gcc/arm-none-eabi/14.3.1/thumb/v7-m/nofp/crti.o
                0x08004dd8                _init
 .init          0x08004ddc        0x8 C:/ST/STM32CubeIDE_2.1.1/STM32CubeIDE/plugins/com.st.stm32cube.ide.mcu.externaltools.gnu-tools-for-stm32.14.3.rel1.win32_1.0.100.202602081740/tools/bin/../lib/gcc/arm-none-eabi/14.3.1/thumb/v7-m/nofp/crtn.o
 *(.fini)
 .fini          0x08004de4        0x4 C:/ST/STM32CubeIDE_2.1.1/STM32CubeIDE/plugins/com.st.stm32cube.ide.mcu.externaltools.gnu-tools-for-stm32.14.3.rel1.win32_1.0.100.202602081740/tools/bin/../lib/gcc/arm-none-eabi/14.3.1/thumb/v7-m/nofp/crti.o
                0x08004de4                _fini
 .fini          0x08004de8        0x8 C:/ST/STM32CubeIDE_2.1.1/STM32CubeIDE/plugins/com.st.stm32cube.ide.mcu.externaltools.gnu-tools-for-stm32.14.3.rel1.win32_1.0.100.202602081740/tools/bin/../lib/gcc/arm-none-eabi/14.3.1/thumb/v7-m/nofp/crtn.o
                0x08004df0                        . = ALIGN (0x4)
                0x08004df0                        _etext = .

.vfp11_veneer   0x08004df0        0x0
 .vfp11_veneer  0x08004df0        0x0 linker stubs

.v4_bx          0x08004df0        0x0
 .v4_bx         0x08004df0        0x0 linker stubs

.iplt           0x08004df0        0x0
 .iplt          0x08004df0        0x0 C:/ST/STM32CubeIDE_2.1.1/STM32CubeIDE/plugins/com.st.stm32cube.ide.mcu.externaltools.gnu-tools-for-stm32.14.3.rel1.win32_1.0.100.202602081740/tools/bin/../lib/gcc/arm-none-eabi/14.3.1/thumb/v7-m/nofp/crtbegin.o

.rodata         0x08004df0       0x40
                0x08004df0                        . = ALIGN (0x4)
 *(.rodata)
 *(.rodata*)
 .rodata.AHBPrescTable
                0x08004df0       0x10 ./Core/Src/system_stm32f1xx.o
                0x08004df0                AHBPrescTable
 .rodata.APBPrescTable
                0x08004e00        0x8 ./Core/Src/system_stm32f1xx.o
                0x08004e00                APBPrescTable
 .rodata.aPLLMULFactorTable.1
                0x08004e08       0x10 ./Drivers/STM32F1xx_HAL_Driver/Src/stm32f1xx_hal_rcc.o
 .rodata.aPredivFactorTable.0
                0x08004e18        0x2 ./Drivers/STM32F1xx_HAL_Driver/Src/stm32f1xx_hal_rcc.o
 *fill*         0x08004e1a        0x2 
 .rodata.aPLLMULFactorTable.1
                0x08004e1c       0x10 ./Drivers/STM32F1xx_HAL_Driver/Src/stm32f1xx_hal_rcc_ex.o
 .rodata.aPredivFactorTable.0
                0x08004e2c        0x2 ./Drivers/STM32F1xx_HAL_Driver/Src/stm32f1xx_hal_rcc_ex.o
                0x08004e30                        . = ALIGN (0x4)
 *fill*         0x08004e2e        0x2 

.ARM.extab      0x08004e30        0x0
                0x08004e30                        . = ALIGN (0x4)
 *(.ARM.extab* .gnu.linkonce.armextab.*)
                0x08004e30                        . = ALIGN (0x4)

.ARM            0x08004e30        0x0
                0x08004e30                        . = ALIGN (0x4)
                0x08004e30                        __exidx_start = .
 *(.ARM.exidx*)
                0x08004e30                        __exidx_end = .
                0x08004e30                        . = ALIGN (0x4)

.preinit_array  0x08004e30        0x0
                0x08004e30                        . = ALIGN (0x4)
                0x08004e30                        PROVIDE (__preinit_array_start = .)
 *(.preinit_array*)
                0x08004e30                        PROVIDE (__preinit_array_end = .)
                0x08004e30                        . = ALIGN (0x4)

.init_array     0x08004e30        0x4
                0x08004e30                        . = ALIGN (0x4)
                0x08004e30                        PROVIDE (__init_array_start = .)
 *(SORT_BY_NAME(.init_array.*))
 *(.init_array*)
 .init_array    0x08004e30        0x4 C:/ST/STM32CubeIDE_2.1.1/STM32CubeIDE/plugins/com.st.stm32cube.ide.mcu.externaltools.gnu-tools-for-stm32.14.3.rel1.win32_1.0.100.202602081740/tools/bin/../lib/gcc/arm-none-eabi/14.3.1/thumb/v7-m/nofp/crtbegin.o
                0x08004e34                        PROVIDE (__init_array_end = .)
                0x08004e34                        . = ALIGN (0x4)

.fini_array     0x08004e34        0x4
                0x08004e34                        . = ALIGN (0x4)
                [!provide]                        PROVIDE (__fini_array_start = .)
 *(SORT_BY_NAME(.fini_array.*))
 *(.fini_array*)
 .fini_array    0x08004e34        0x4 C:/ST/STM32CubeIDE_2.1.1/STM32CubeIDE/plugins/com.st.stm32cube.ide.mcu.externaltools.gnu-tools-for-stm32.14.3.rel1.win32_1.0.100.202602081740/tools/bin/../lib/gcc/arm-none-eabi/14.3.1/thumb/v7-m/nofp/crtbegin.o
                [!provide]                        PROVIDE (__fini_array_end = .)
                0x08004e38                        . = ALIGN (0x4)
                0x08004e38                        _sidata = LOADADDR (.data)

.rel.dyn        0x08004e38        0x0
 .rel.iplt      0x08004e38        0x0 C:/ST/STM32CubeIDE_2.1.1/STM32CubeIDE/plugins/com.st.stm32cube.ide.mcu.externaltools.gnu-tools-for-stm32.14.3.rel1.win32_1.0.100.202602081740/tools/bin/../lib/gcc/arm-none-eabi/14.3.1/thumb/v7-m/nofp/crtbegin.o

.data           0x20000000       0x18 load address 0x08004e38
                0x20000000                        . = ALIGN (0x4)
                0x20000000                        _sdata = .
 *(.data)
 *(.data*)
 .data.last_button_state
                0x20000000        0x1 ./Core/Src/main.o
                0x20000000                last_button_state
 .data.pc13_state
                0x20000001        0x1 ./Core/Src/main.o
                0x20000001                pc13_state
 .data.servo_us
                0x20000002        0x2 ./Core/Src/main.o
                0x20000002                servo_us
 .data.test_downlink
                0x20000004        0x6 ./Core/Src/main.o
                0x20000004                test_downlink
 .data.esp32_command_value
                0x2000000a        0x2 ./Core/Src/main.o
                0x2000000a                esp32_command_value
 .data.SystemCoreClock
                0x2000000c        0x4 ./Core/Src/system_stm32f1xx.o
                0x2000000c                SystemCoreClock
 .data.uwTickPrio
                0x20000010        0x4 ./Drivers/STM32F1xx_HAL_Driver/Src/stm32f1xx_hal.o
                0x20000010                uwTickPrio
 .data.uwTickFreq
                0x20000014        0x1 ./Drivers/STM32F1xx_HAL_Driver/Src/stm32f1xx_hal.o
                0x20000014                uwTickFreq
 *(.RamFunc)
 *(.RamFunc*)
                0x20000018                        . = ALIGN (0x4)
 *fill*         0x20000015        0x3 
                0x20000018                        _edata = .

.igot.plt       0x20000018        0x0 load address 0x08004e50
 .igot.plt      0x20000018        0x0 C:/ST/STM32CubeIDE_2.1.1/STM32CubeIDE/plugins/com.st.stm32cube.ide.mcu.externaltools.gnu-tools-for-stm32.14.3.rel1.win32_1.0.100.202602081740/tools/bin/../lib/gcc/arm-none-eabi/14.3.1/thumb/v7-m/nofp/crtbegin.o
                0x20000018                        . = ALIGN (0x4)

.bss            0x20000018      0x258 load address 0x08004e50
                0x20000018                        _sbss = .
                0x20000018                        __bss_start__ = _sbss
 *(.bss)
 .bss           0x20000018       0x1c C:/ST/STM32CubeIDE_2.1.1/STM32CubeIDE/plugins/com.st.stm32cube.ide.mcu.externaltools.gnu-tools-for-stm32.14.3.rel1.win32_1.0.100.202602081740/tools/bin/../lib/gcc/arm-none-eabi/14.3.1/thumb/v7-m/nofp/crtbegin.o
 *(.bss*)
 .bss.hadc1     0x20000034       0x30 ./Core/Src/adc.o
                0x20000034                hadc1
 .bss.hdma_adc1
                0x20000064       0x44 ./Core/Src/adc.o
                0x20000064                hdma_adc1
 .bss.adc_dma_value
                0x200000a8        0x2 ./Core/Src/main.o
                0x200000a8                adc_dma_value
 .bss.adc_raw   0x200000aa        0x2 ./Core/Src/main.o
                0x200000aa                adc_raw
 .bss.adc_filtered
                0x200000ac        0x2 ./Core/Src/main.o
                0x200000ac                adc_filtered
 *fill*         0x200000ae        0x2 
 .bss.ma_buffer
                0x200000b0       0x18 ./Core/Src/main.o
                0x200000b0                ma_buffer
 .bss.ma_sum    0x200000c8        0x4 ./Core/Src/main.o
                0x200000c8                ma_sum
 .bss.ma_index  0x200000cc        0x1 ./Core/Src/main.o
                0x200000cc                ma_index
 .bss.ma_count  0x200000cd        0x1 ./Core/Src/main.o
                0x200000cd                ma_count
 .bss.mode      0x200000ce        0x1 ./Core/Src/main.o
                0x200000ce                mode
 *fill*         0x200000cf        0x1 
 .bss.last_button_time
                0x200000d0        0x4 ./Core/Src/main.o
                0x200000d0                last_button_time
 .bss.last_blink_time
                0x200000d4        0x4 ./Core/Src/main.o
                0x200000d4                last_blink_time
 .bss.led_ccr   0x200000d8        0x2 ./Core/Src/main.o
                0x200000d8                led_ccr
 *fill*         0x200000da        0x2 
 .bss.uplink_packet
                0x200000dc        0xb ./Core/Src/main.o
                0x200000dc                uplink_packet
 .bss.checksum_debug
                0x200000e7        0x1 ./Core/Src/main.o
                0x200000e7                checksum_debug
 .bss.uart_tx_busy
                0x200000e8        0x1 ./Core/Src/main.o
                0x200000e8                uart_tx_busy
 .bss.uart_rx_byte
                0x200000e9        0x1 ./Core/Src/main.o
                0x200000e9                uart_rx_byte
 *fill*         0x200000ea        0x2 
 .bss.downlink_packet
                0x200000ec        0x6 ./Core/Src/main.o
                0x200000ec                downlink_packet
 .bss.rx_state  0x200000f2        0x1 ./Core/Src/main.o
                0x200000f2                rx_state
 .bss.rx_index  0x200000f3        0x1 ./Core/Src/main.o
                0x200000f3                rx_index
 .bss.last_valid_rx_time
                0x200000f4        0x4 ./Core/Src/main.o
                0x200000f4                last_valid_rx_time
 .bss.link_ok   0x200000f8        0x1 ./Core/Src/main.o
                0x200000f8                link_ok
 .bss.received_valid_frame_once
                0x200000f9        0x1 ./Core/Src/main.o
                0x200000f9                received_valid_frame_once
 *fill*         0x200000fa        0x2 
 .bss.valid_rx_count
                0x200000fc        0x4 ./Core/Src/main.o
                0x200000fc                valid_rx_count
 .bss.invalid_rx_count
                0x20000100        0x4 ./Core/Src/main.o
                0x20000100                invalid_rx_count
 .bss.htim1     0x20000104       0x48 ./Core/Src/tim.o
                0x20000104                htim1
 .bss.htim2     0x2000014c       0x48 ./Core/Src/tim.o
                0x2000014c                htim2
 .bss.htim3     0x20000194       0x48 ./Core/Src/tim.o
                0x20000194                htim3
 .bss.htim4     0x200001dc       0x48 ./Core/Src/tim.o
                0x200001dc                htim4
 .bss.huart2    0x20000224       0x48 ./Core/Src/usart.o
                0x20000224                huart2
 .bss.uwTick    0x2000026c        0x4 ./Drivers/STM32F1xx_HAL_Driver/Src/stm32f1xx_hal.o
                0x2000026c                uwTick
 *(COMMON)
                0x20000270                        . = ALIGN (0x4)
                0x20000270                        _ebss = .
                0x20000270                        __bss_end__ = _ebss

._user_heap_stack
                0x20000270      0x600 load address 0x08004e50
                0x20000270                        . = ALIGN (0x8)
                [!provide]                        PROVIDE (end = .)
                0x20000270                        PROVIDE (_end = .)
                0x20000470                        . = (. + _Min_Heap_Size)
 *fill*         0x20000270      0x200 
                0x20000870                        . = (. + _Min_Stack_Size)
 *fill*         0x20000470      0x400 
                0x20000870                        . = ALIGN (0x8)

/DISCARD/
 libc.a(*)
 libm.a(*)
 libgcc.a(*)

.ARM.attributes
                0x00000000       0x29
 *(.ARM.attributes)
 .ARM.attributes
                0x00000000       0x1d C:/ST/STM32CubeIDE_2.1.1/STM32CubeIDE/plugins/com.st.stm32cube.ide.mcu.externaltools.gnu-tools-for-stm32.14.3.rel1.win32_1.0.100.202602081740/tools/bin/../lib/gcc/arm-none-eabi/14.3.1/thumb/v7-m/nofp/crti.o
 .ARM.attributes
                0x0000001d       0x2d C:/ST/STM32CubeIDE_2.1.1/STM32CubeIDE/plugins/com.st.stm32cube.ide.mcu.externaltools.gnu-tools-for-stm32.14.3.rel1.win32_1.0.100.202602081740/tools/bin/../lib/gcc/arm-none-eabi/14.3.1/thumb/v7-m/nofp/crtbegin.o
 .ARM.attributes
                0x0000004a       0x2d ./Core/Src/adc.o
 .ARM.attributes
                0x00000077       0x2d ./Core/Src/dma.o
 .ARM.attributes
                0x000000a4       0x2d ./Core/Src/gpio.o
 .ARM.attributes
                0x000000d1       0x2d ./Core/Src/main.o
 .ARM.attributes
                0x000000fe       0x2d ./Core/Src/stm32f1xx_hal_msp.o
 .ARM.attributes
                0x0000012b       0x2d ./Core/Src/stm32f1xx_it.o
 .ARM.attributes
                0x00000158       0x2d ./Core/Src/system_stm32f1xx.o
 .ARM.attributes
                0x00000185       0x2d ./Core/Src/tim.o
 .ARM.attributes
                0x000001b2       0x2d ./Core/Src/usart.o
 .ARM.attributes
                0x000001df       0x21 ./Core/Startup/startup_stm32f103c8tx.o
 .ARM.attributes
                0x00000200       0x2d ./Drivers/STM32F1xx_HAL_Driver/Src/stm32f1xx_hal.o
 .ARM.attributes
                0x0000022d       0x2d ./Drivers/STM32F1xx_HAL_Driver/Src/stm32f1xx_hal_adc.o
 .ARM.attributes
                0x0000025a       0x2d ./Drivers/STM32F1xx_HAL_Driver/Src/stm32f1xx_hal_adc_ex.o
 .ARM.attributes
                0x00000287       0x2d ./Drivers/STM32F1xx_HAL_Driver/Src/stm32f1xx_hal_cortex.o
 .ARM.attributes
                0x000002b4       0x2d ./Drivers/STM32F1xx_HAL_Driver/Src/stm32f1xx_hal_dma.o
 .ARM.attributes
                0x000002e1       0x2d ./Drivers/STM32F1xx_HAL_Driver/Src/stm32f1xx_hal_gpio.o
 .ARM.attributes
                0x0000030e       0x2d ./Drivers/STM32F1xx_HAL_Driver/Src/stm32f1xx_hal_rcc.o
 .ARM.attributes
                0x0000033b       0x2d ./Drivers/STM32F1xx_HAL_Driver/Src/stm32f1xx_hal_rcc_ex.o
 .ARM.attributes
                0x00000368       0x2d ./Drivers/STM32F1xx_HAL_Driver/Src/stm32f1xx_hal_tim.o
 .ARM.attributes
                0x00000395       0x2d ./Drivers/STM32F1xx_HAL_Driver/Src/stm32f1xx_hal_tim_ex.o
 .ARM.attributes
                0x000003c2       0x2d ./Drivers/STM32F1xx_HAL_Driver/Src/stm32f1xx_hal_uart.o
 .ARM.attributes
                0x000003ef       0x2d C:/ST/STM32CubeIDE_2.1.1/STM32CubeIDE/plugins/com.st.stm32cube.ide.mcu.externaltools.gnu-tools-for-stm32.14.3.rel1.win32_1.0.100.202602081740/tools/bin/../lib/gcc/arm-none-eabi/14.3.1/../../../../arm-none-eabi/lib/thumb/v7-m/nofp\libc_nano.a(libc_a-memset.o)
 .ARM.attributes
                0x0000041c       0x2d C:/ST/STM32CubeIDE_2.1.1/STM32CubeIDE/plugins/com.st.stm32cube.ide.mcu.externaltools.gnu-tools-for-stm32.14.3.rel1.win32_1.0.100.202602081740/tools/bin/../lib/gcc/arm-none-eabi/14.3.1/../../../../arm-none-eabi/lib/thumb/v7-m/nofp\libc_nano.a(libc_a-init.o)
 .ARM.attributes
                0x00000449       0x1d C:/ST/STM32CubeIDE_2.1.1/STM32CubeIDE/plugins/com.st.stm32cube.ide.mcu.externaltools.gnu-tools-for-stm32.14.3.rel1.win32_1.0.100.202602081740/tools/bin/../lib/gcc/arm-none-eabi/14.3.1/thumb/v7-m/nofp/crtn.o
OUTPUT(takehome_midterm.elf elf32-littlearm)
LOAD linker stubs
LOAD C:/ST/STM32CubeIDE_2.1.1/STM32CubeIDE/plugins/com.st.stm32cube.ide.mcu.externaltools.gnu-tools-for-stm32.14.3.rel1.win32_1.0.100.202602081740/tools/bin/../lib/gcc/arm-none-eabi/14.3.1/../../../../arm-none-eabi/lib/thumb/v7-m/nofp\libc.a
LOAD C:/ST/STM32CubeIDE_2.1.1/STM32CubeIDE/plugins/com.st.stm32cube.ide.mcu.externaltools.gnu-tools-for-stm32.14.3.rel1.win32_1.0.100.202602081740/tools/bin/../lib/gcc/arm-none-eabi/14.3.1/../../../../arm-none-eabi/lib/thumb/v7-m/nofp\libm.a
LOAD C:/ST/STM32CubeIDE_2.1.1/STM32CubeIDE/plugins/com.st.stm32cube.ide.mcu.externaltools.gnu-tools-for-stm32.14.3.rel1.win32_1.0.100.202602081740/tools/bin/../lib/gcc/arm-none-eabi/14.3.1/thumb/v7-m/nofp\libgcc.a

.debug_info     0x00000000     0xf2c8
 .debug_info    0x00000000      0x7fc ./Core/Src/adc.o
 .debug_info    0x000007fc      0x2cf ./Core/Src/dma.o
 .debug_info    0x00000acb      0x2d3 ./Core/Src/gpio.o
 .debug_info    0x00000d9e     0x13a4 ./Core/Src/main.o
 .debug_info    0x00002142      0x1f1 ./Core/Src/stm32f1xx_hal_msp.o
 .debug_info    0x00002333      0x979 ./Core/Src/stm32f1xx_it.o
 .debug_info    0x00002cac      0x222 ./Core/Src/system_stm32f1xx.o
 .debug_info    0x00002ece      0xdc2 ./Core/Src/tim.o
 .debug_info    0x00003c90      0x92a ./Core/Src/usart.o
 .debug_info    0x000045ba       0x30 ./Core/Startup/startup_stm32f103c8tx.o
 .debug_info    0x000045ea      0x704 ./Drivers/STM32F1xx_HAL_Driver/Src/stm32f1xx_hal.o
 .debug_info    0x00004cee      0xc50 ./Drivers/STM32F1xx_HAL_Driver/Src/stm32f1xx_hal_adc.o
 .debug_info    0x0000593e      0xa10 ./Drivers/STM32F1xx_HAL_Driver/Src/stm32f1xx_hal_adc_ex.o
 .debug_info    0x0000634e      0xa87 ./Drivers/STM32F1xx_HAL_Driver/Src/stm32f1xx_hal_cortex.o
 .debug_info    0x00006dd5      0x6d2 ./Drivers/STM32F1xx_HAL_Driver/Src/stm32f1xx_hal_dma.o
 .debug_info    0x000074a7      0x5ab ./Drivers/STM32F1xx_HAL_Driver/Src/stm32f1xx_hal_gpio.o
 .debug_info    0x00007a52      0x7d5 ./Drivers/STM32F1xx_HAL_Driver/Src/stm32f1xx_hal_rcc.o
 .debug_info    0x00008227      0x3c0 ./Drivers/STM32F1xx_HAL_Driver/Src/stm32f1xx_hal_rcc_ex.o
 .debug_info    0x000085e7     0x2959 ./Drivers/STM32F1xx_HAL_Driver/Src/stm32f1xx_hal_tim.o
 .debug_info    0x0000af40     0x149b ./Drivers/STM32F1xx_HAL_Driver/Src/stm32f1xx_hal_tim_ex.o
 .debug_info    0x0000c3db     0x2eed ./Drivers/STM32F1xx_HAL_Driver/Src/stm32f1xx_hal_uart.o

.debug_abbrev   0x00000000     0x2946
 .debug_abbrev  0x00000000      0x1f2 ./Core/Src/adc.o
 .debug_abbrev  0x000001f2       0xfc ./Core/Src/dma.o
 .debug_abbrev  0x000002ee      0x13f ./Core/Src/gpio.o
 .debug_abbrev  0x0000042d      0x34e ./Core/Src/main.o
 .debug_abbrev  0x0000077b       0xdb ./Core/Src/stm32f1xx_hal_msp.o
 .debug_abbrev  0x00000856      0x19b ./Core/Src/stm32f1xx_it.o
 .debug_abbrev  0x000009f1      0x13f ./Core/Src/system_stm32f1xx.o
 .debug_abbrev  0x00000b30      0x285 ./Core/Src/tim.o
 .debug_abbrev  0x00000db5      0x205 ./Core/Src/usart.o
 .debug_abbrev  0x00000fba       0x24 ./Core/Startup/startup_stm32f103c8tx.o
 .debug_abbrev  0x00000fde      0x201 ./Drivers/STM32F1xx_HAL_Driver/Src/stm32f1xx_hal.o
 .debug_abbrev  0x000011df      0x225 ./Drivers/STM32F1xx_HAL_Driver/Src/stm32f1xx_hal_adc.o
 .debug_abbrev  0x00001404      0x249 ./Drivers/STM32F1xx_HAL_Driver/Src/stm32f1xx_hal_adc_ex.o
 .debug_abbrev  0x0000164d      0x2f8 ./Drivers/STM32F1xx_HAL_Driver/Src/stm32f1xx_hal_cortex.o
 .debug_abbrev  0x00001945      0x20b ./Drivers/STM32F1xx_HAL_Driver/Src/stm32f1xx_hal_dma.o
 .debug_abbrev  0x00001b50      0x1ca ./Drivers/STM32F1xx_HAL_Driver/Src/stm32f1xx_hal_gpio.o
 .debug_abbrev  0x00001d1a      0x2b3 ./Drivers/STM32F1xx_HAL_Driver/Src/stm32f1xx_hal_rcc.o
 .debug_abbrev  0x00001fcd      0x188 ./Drivers/STM32F1xx_HAL_Driver/Src/stm32f1xx_hal_rcc_ex.o
 .debug_abbrev  0x00002155      0x277 ./Drivers/STM32F1xx_HAL_Driver/Src/stm32f1xx_hal_tim.o
 .debug_abbrev  0x000023cc      0x282 ./Drivers/STM32F1xx_HAL_Driver/Src/stm32f1xx_hal_tim_ex.o
 .debug_abbrev  0x0000264e      0x2f8 ./Drivers/STM32F1xx_HAL_Driver/Src/stm32f1xx_hal_uart.o

.debug_aranges  0x00000000      0xe98
 .debug_aranges
                0x00000000       0x30 ./Core/Src/adc.o
 .debug_aranges
                0x00000030       0x20 ./Core/Src/dma.o
 .debug_aranges
                0x00000050       0x20 ./Core/Src/gpio.o
 .debug_aranges
                0x00000070       0x98 ./Core/Src/main.o
 .debug_aranges
                0x00000108       0x20 ./Core/Src/stm32f1xx_hal_msp.o
 .debug_aranges
                0x00000128       0x78 ./Core/Src/stm32f1xx_it.o
 .debug_aranges
                0x000001a0       0x28 ./Core/Src/system_stm32f1xx.o
 .debug_aranges
                0x000001c8       0x50 ./Core/Src/tim.o
 .debug_aranges
                0x00000218       0x30 ./Core/Src/usart.o
 .debug_aranges
                0x00000248       0x28 ./Core/Startup/startup_stm32f103c8tx.o
 .debug_aranges
                0x00000270       0xe0 ./Drivers/STM32F1xx_HAL_Driver/Src/stm32f1xx_hal.o
 .debug_aranges
                0x00000350       0xf0 ./Drivers/STM32F1xx_HAL_Driver/Src/stm32f1xx_hal_adc.o
 .debug_aranges
                0x00000440       0x80 ./Drivers/STM32F1xx_HAL_Driver/Src/stm32f1xx_hal_adc_ex.o
 .debug_aranges
                0x000004c0      0x100 ./Drivers/STM32F1xx_HAL_Driver/Src/stm32f1xx_hal_cortex.o
 .debug_aranges
                0x000005c0       0x80 ./Drivers/STM32F1xx_HAL_Driver/Src/stm32f1xx_hal_dma.o
 .debug_aranges
                0x00000640       0x58 ./Drivers/STM32F1xx_HAL_Driver/Src/stm32f1xx_hal_gpio.o
 .debug_aranges
                0x00000698       0x90 ./Drivers/STM32F1xx_HAL_Driver/Src/stm32f1xx_hal_rcc.o
 .debug_aranges
                0x00000728       0x30 ./Drivers/STM32F1xx_HAL_Driver/Src/stm32f1xx_hal_rcc_ex.o
 .debug_aranges
                0x00000758      0x3d0 ./Drivers/STM32F1xx_HAL_Driver/Src/stm32f1xx_hal_tim.o
 .debug_aranges
                0x00000b28      0x168 ./Drivers/STM32F1xx_HAL_Driver/Src/stm32f1xx_hal_tim_ex.o
 .debug_aranges
                0x00000c90      0x208 ./Drivers/STM32F1xx_HAL_Driver/Src/stm32f1xx_hal_uart.o

.debug_rnglists
                0x00000000      0xb60
 .debug_rnglists
                0x00000000       0x20 ./Core/Src/adc.o
 .debug_rnglists
                0x00000020       0x13 ./Core/Src/dma.o
 .debug_rnglists
                0x00000033       0x14 ./Core/Src/gpio.o
 .debug_rnglists
                0x00000047       0x76 ./Core/Src/main.o
 .debug_rnglists
                0x000000bd       0x13 ./Core/Src/stm32f1xx_hal_msp.o
 .debug_rnglists
                0x000000d0       0x55 ./Core/Src/stm32f1xx_it.o
 .debug_rnglists
                0x00000125       0x1a ./Core/Src/system_stm32f1xx.o
 .debug_rnglists
                0x0000013f       0x3e ./Core/Src/tim.o
 .debug_rnglists
                0x0000017d       0x20 ./Core/Src/usart.o
 .debug_rnglists
                0x0000019d       0x19 ./Core/Startup/startup_stm32f103c8tx.o
 .debug_rnglists
                0x000001b6       0xa3 ./Drivers/STM32F1xx_HAL_Driver/Src/stm32f1xx_hal.o
 .debug_rnglists
                0x00000259       0xbc ./Drivers/STM32F1xx_HAL_Driver/Src/stm32f1xx_hal_adc.o
 .debug_rnglists
                0x00000315       0x65 ./Drivers/STM32F1xx_HAL_Driver/Src/stm32f1xx_hal_adc_ex.o
 .debug_rnglists
                0x0000037a       0xbb ./Drivers/STM32F1xx_HAL_Driver/Src/stm32f1xx_hal_cortex.o
 .debug_rnglists
                0x00000435       0x64 ./Drivers/STM32F1xx_HAL_Driver/Src/stm32f1xx_hal_dma.o
 .debug_rnglists
                0x00000499       0x3f ./Drivers/STM32F1xx_HAL_Driver/Src/stm32f1xx_hal_gpio.o
 .debug_rnglists
                0x000004d8       0x6c ./Drivers/STM32F1xx_HAL_Driver/Src/stm32f1xx_hal_rcc.o
 .debug_rnglists
                0x00000544       0x21 ./Drivers/STM32F1xx_HAL_Driver/Src/stm32f1xx_hal_rcc_ex.o
 .debug_rnglists
                0x00000565      0x31a ./Drivers/STM32F1xx_HAL_Driver/Src/stm32f1xx_hal_tim.o
 .debug_rnglists
                0x0000087f      0x125 ./Drivers/STM32F1xx_HAL_Driver/Src/stm32f1xx_hal_tim_ex.o
 .debug_rnglists
                0x000009a4      0x1bc ./Drivers/STM32F1xx_HAL_Driver/Src/stm32f1xx_hal_uart.o

.debug_macro    0x00000000    0x18207
 .debug_macro   0x00000000      0x1cb ./Core/Src/adc.o
 .debug_macro   0x000001cb      0xacc ./Core/Src/adc.o
 .debug_macro   0x00000c97      0x227 ./Core/Src/adc.o
 .debug_macro   0x00000ebe       0x2e ./Core/Src/adc.o
 .debug_macro   0x00000eec       0x22 ./Core/Src/adc.o
 .debug_macro   0x00000f0e       0x22 ./Core/Src/adc.o
 .debug_macro   0x00000f30       0x8e ./Core/Src/adc.o
 .debug_macro   0x00000fbe       0x51 ./Core/Src/adc.o
 .debug_macro   0x0000100f      0x103 ./Core/Src/adc.o
 .debug_macro   0x00001112       0x6a ./Core/Src/adc.o
 .debug_macro   0x0000117c      0x1df ./Core/Src/adc.o
 .debug_macro   0x0000135b       0x1c ./Core/Src/adc.o
 .debug_macro   0x00001377       0x22 ./Core/Src/adc.o
 .debug_macro   0x00001399       0xbd ./Core/Src/adc.o
 .debug_macro   0x00001456      0xd23 ./Core/Src/adc.o
 .debug_macro   0x00002179     0xe09e ./Core/Src/adc.o
 .debug_macro   0x00010217       0x6d ./Core/Src/adc.o
 .debug_macro   0x00010284     0x34a2 ./Core/Src/adc.o
 .debug_macro   0x00013726      0x190 ./Core/Src/adc.o
 .debug_macro   0x000138b6       0x5c ./Core/Src/adc.o
 .debug_macro   0x00013912      0x5bc ./Core/Src/adc.o
 .debug_macro   0x00013ece      0x289 ./Core/Src/adc.o
 .debug_macro   0x00014157      0x1cb ./Core/Src/adc.o
 .debug_macro   0x00014322      0x114 ./Core/Src/adc.o
 .debug_macro   0x00014436      0x1b2 ./Core/Src/adc.o
 .debug_macro   0x000145e8       0x27 ./Core/Src/adc.o
 .debug_macro   0x0001460f      0x136 ./Core/Src/adc.o
 .debug_macro   0x00014745      0x1bc ./Core/Src/adc.o
 .debug_macro   0x00014901       0x34 ./Core/Src/adc.o
 .debug_macro   0x00014935       0x3c ./Core/Src/adc.o
 .debug_macro   0x00014971       0x57 ./Core/Src/adc.o
 .debug_macro   0x000149c8      0x46a ./Core/Src/adc.o
 .debug_macro   0x00014e32      0x1b5 ./Core/Src/adc.o
 .debug_macro   0x00014fe7       0x87 ./Core/Src/adc.o
 .debug_macro   0x0001506e      0x240 ./Core/Src/adc.o
 .debug_macro   0x000152ae      0x140 ./Core/Src/adc.o
 .debug_macro   0x000153ee      0x8ed ./Core/Src/adc.o
 .debug_macro   0x00015cdb      0x28e ./Core/Src/adc.o
 .debug_macro   0x00015f69       0x83 ./Core/Src/adc.o
 .debug_macro   0x00015fec      0x1cb ./Core/Src/dma.o
 .debug_macro   0x000161b7      0x1cb ./Core/Src/gpio.o
 .debug_macro   0x00016382      0x1fd ./Core/Src/main.o
 .debug_macro   0x0001657f      0x1c1 ./Core/Src/stm32f1xx_hal_msp.o
 .debug_macro   0x00016740      0x1cb ./Core/Src/stm32f1xx_it.o
 .debug_macro   0x0001690b      0x1b7 ./Core/Src/system_stm32f1xx.o
 .debug_macro   0x00016ac2      0x1cb ./Core/Src/tim.o
 .debug_macro   0x00016c8d      0x1cb ./Core/Src/usart.o
 .debug_macro   0x00016e58      0x1db ./Drivers/STM32F1xx_HAL_Driver/Src/stm32f1xx_hal.o
 .debug_macro   0x00017033      0x1d4 ./Drivers/STM32F1xx_HAL_Driver/Src/stm32f1xx_hal_adc.o
 .debug_macro   0x00017207      0x1c9 ./Drivers/STM32F1xx_HAL_Driver/Src/stm32f1xx_hal_adc_ex.o
 .debug_macro   0x000173d0      0x1b7 ./Drivers/STM32F1xx_HAL_Driver/Src/stm32f1xx_hal_cortex.o
 .debug_macro   0x00017587      0x1b7 ./Drivers/STM32F1xx_HAL_Driver/Src/stm32f1xx_hal_dma.o
 .debug_macro   0x0001773e      0x222 ./Drivers/STM32F1xx_HAL_Driver/Src/stm32f1xx_hal_gpio.o
 .debug_macro   0x00017960      0x1c9 ./Drivers/STM32F1xx_HAL_Driver/Src/stm32f1xx_hal_rcc.o
 .debug_macro   0x00017b29      0x1b7 ./Drivers/STM32F1xx_HAL_Driver/Src/stm32f1xx_hal_rcc_ex.o
 .debug_macro   0x00017ce0      0x1b8 ./Drivers/STM32F1xx_HAL_Driver/Src/stm32f1xx_hal_tim.o
 .debug_macro   0x00017e98      0x1b7 ./Drivers/STM32F1xx_HAL_Driver/Src/stm32f1xx_hal_tim_ex.o
 .debug_macro   0x0001804f      0x1b8 ./Drivers/STM32F1xx_HAL_Driver/Src/stm32f1xx_hal_uart.o

.debug_line     0x00000000    0x12029
 .debug_line    0x00000000      0x7d0 ./Core/Src/adc.o
 .debug_line    0x000007d0      0x72d ./Core/Src/dma.o
 .debug_line    0x00000efd      0x74b ./Core/Src/gpio.o
 .debug_line    0x00001648      0xb8a ./Core/Src/main.o
 .debug_line    0x000021d2      0x732 ./Core/Src/stm32f1xx_hal_msp.o
 .debug_line    0x00002904      0x828 ./Core/Src/stm32f1xx_it.o
 .debug_line    0x0000312c      0x7b0 ./Core/Src/system_stm32f1xx.o
 .debug_line    0x000038dc      0x9ee ./Core/Src/tim.o
 .debug_line    0x000042ca      0x7a8 ./Core/Src/usart.o
 .debug_line    0x00004a72       0x78 ./Core/Startup/startup_stm32f103c8tx.o
 .debug_line    0x00004aea      0x9e4 ./Drivers/STM32F1xx_HAL_Driver/Src/stm32f1xx_hal.o
 .debug_line    0x000054ce     0x1006 ./Drivers/STM32F1xx_HAL_Driver/Src/stm32f1xx_hal_adc.o
 .debug_line    0x000064d4      0xd28 ./Drivers/STM32F1xx_HAL_Driver/Src/stm32f1xx_hal_adc_ex.o
 .debug_line    0x000071fc      0xbab ./Drivers/STM32F1xx_HAL_Driver/Src/stm32f1xx_hal_cortex.o
 .debug_line    0x00007da7      0xdeb ./Drivers/STM32F1xx_HAL_Driver/Src/stm32f1xx_hal_dma.o
 .debug_line    0x00008b92      0xa3b ./Drivers/STM32F1xx_HAL_Driver/Src/stm32f1xx_hal_gpio.o
 .debug_line    0x000095cd      0xe9a ./Drivers/STM32F1xx_HAL_Driver/Src/stm32f1xx_hal_rcc.o
 .debug_line    0x0000a467      0x94b ./Drivers/STM32F1xx_HAL_Driver/Src/stm32f1xx_hal_rcc_ex.o
 .debug_line    0x0000adb2     0x34d5 ./Drivers/STM32F1xx_HAL_Driver/Src/stm32f1xx_hal_tim.o
 .debug_line    0x0000e287     0x18a5 ./Drivers/STM32F1xx_HAL_Driver/Src/stm32f1xx_hal_tim_ex.o
 .debug_line    0x0000fb2c     0x24fd ./Drivers/STM32F1xx_HAL_Driver/Src/stm32f1xx_hal_uart.o

.debug_str      0x00000000    0x8bef0
 .debug_str     0x00000000    0x8bef0 ./Core/Src/adc.o
                              0x885ca (size before relaxing)
 .debug_str     0x0008bef0    0x8845d ./Core/Src/dma.o
 .debug_str     0x0008bef0    0x881ff ./Core/Src/gpio.o
 .debug_str     0x0008bef0    0x88ff4 ./Core/Src/main.o
 .debug_str     0x0008bef0    0x88187 ./Core/Src/stm32f1xx_hal_msp.o
 .debug_str     0x0008bef0    0x88913 ./Core/Src/stm32f1xx_it.o
 .debug_str     0x0008bef0    0x881b2 ./Core/Src/system_stm32f1xx.o
 .debug_str     0x0008bef0    0x88caf ./Core/Src/tim.o
 .debug_str     0x0008bef0    0x88962 ./Core/Src/usart.o
 .debug_str     0x0008bef0       0x94 ./Core/Startup/startup_stm32f103c8tx.o
 .debug_str     0x0008bef0    0x888e5 ./Drivers/STM32F1xx_HAL_Driver/Src/stm32f1xx_hal.o
 .debug_str     0x0008bef0    0x88896 ./Drivers/STM32F1xx_HAL_Driver/Src/stm32f1xx_hal_adc.o
 .debug_str     0x0008bef0    0x88866 ./Drivers/STM32F1xx_HAL_Driver/Src/stm32f1xx_hal_adc_ex.o
 .debug_str     0x0008bef0    0x88831 ./Drivers/STM32F1xx_HAL_Driver/Src/stm32f1xx_hal_cortex.o
 .debug_str     0x0008bef0    0x8855b ./Drivers/STM32F1xx_HAL_Driver/Src/stm32f1xx_hal_dma.o
 .debug_str     0x0008bef0    0x88538 ./Drivers/STM32F1xx_HAL_Driver/Src/stm32f1xx_hal_gpio.o
 .debug_str     0x0008bef0    0x885e1 ./Drivers/STM32F1xx_HAL_Driver/Src/stm32f1xx_hal_rcc.o
 .debug_str     0x0008bef0    0x88331 ./Drivers/STM32F1xx_HAL_Driver/Src/stm32f1xx_hal_rcc_ex.o
 .debug_str     0x0008bef0    0x895e3 ./Drivers/STM32F1xx_HAL_Driver/Src/stm32f1xx_hal_tim.o
 .debug_str     0x0008bef0    0x88def ./Drivers/STM32F1xx_HAL_Driver/Src/stm32f1xx_hal_tim_ex.o
 .debug_str     0x0008bef0    0x88c52 ./Drivers/STM32F1xx_HAL_Driver/Src/stm32f1xx_hal_uart.o

.comment        0x00000000       0x43
 .comment       0x00000000       0x43 ./Core/Src/adc.o
                                 0x44 (size before relaxing)
 .comment       0x00000043       0x44 ./Core/Src/dma.o
 .comment       0x00000043       0x44 ./Core/Src/gpio.o
 .comment       0x00000043       0x44 ./Core/Src/main.o
 .comment       0x00000043       0x44 ./Core/Src/stm32f1xx_hal_msp.o
 .comment       0x00000043       0x44 ./Core/Src/stm32f1xx_it.o
 .comment       0x00000043       0x44 ./Core/Src/system_stm32f1xx.o
 .comment       0x00000043       0x44 ./Core/Src/tim.o
 .comment       0x00000043       0x44 ./Core/Src/usart.o
 .comment       0x00000043       0x44 ./Drivers/STM32F1xx_HAL_Driver/Src/stm32f1xx_hal.o
 .comment       0x00000043       0x44 ./Drivers/STM32F1xx_HAL_Driver/Src/stm32f1xx_hal_adc.o
 .comment       0x00000043       0x44 ./Drivers/STM32F1xx_HAL_Driver/Src/stm32f1xx_hal_adc_ex.o
 .comment       0x00000043       0x44 ./Drivers/STM32F1xx_HAL_Driver/Src/stm32f1xx_hal_cortex.o
 .comment       0x00000043       0x44 ./Drivers/STM32F1xx_HAL_Driver/Src/stm32f1xx_hal_dma.o
 .comment       0x00000043       0x44 ./Drivers/STM32F1xx_HAL_Driver/Src/stm32f1xx_hal_gpio.o
 .comment       0x00000043       0x44 ./Drivers/STM32F1xx_HAL_Driver/Src/stm32f1xx_hal_rcc.o
 .comment       0x00000043       0x44 ./Drivers/STM32F1xx_HAL_Driver/Src/stm32f1xx_hal_rcc_ex.o
 .comment       0x00000043       0x44 ./Drivers/STM32F1xx_HAL_Driver/Src/stm32f1xx_hal_tim.o
 .comment       0x00000043       0x44 ./Drivers/STM32F1xx_HAL_Driver/Src/stm32f1xx_hal_tim_ex.o
 .comment       0x00000043       0x44 ./Drivers/STM32F1xx_HAL_Driver/Src/stm32f1xx_hal_uart.o

.debug_frame    0x00000000     0x38a4
 .debug_frame   0x00000000       0x7c ./Core/Src/adc.o
 .debug_frame   0x0000007c       0x34 ./Core/Src/dma.o
 .debug_frame   0x000000b0       0x34 ./Core/Src/gpio.o
 .debug_frame   0x000000e4      0x22c ./Core/Src/main.o
 .debug_frame   0x00000310       0x34 ./Core/Src/stm32f1xx_hal_msp.o
 .debug_frame   0x00000344      0x14c ./Core/Src/stm32f1xx_it.o
 .debug_frame   0x00000490       0x50 ./Core/Src/system_stm32f1xx.o
 .debug_frame   0x000004e0      0x10c ./Core/Src/tim.o
 .debug_frame   0x000005ec       0x74 ./Core/Src/usart.o
 .debug_frame   0x00000660      0x2e4 ./Drivers/STM32F1xx_HAL_Driver/Src/stm32f1xx_hal.o
 .debug_frame   0x00000944      0x3e0 ./Drivers/STM32F1xx_HAL_Driver/Src/stm32f1xx_hal_adc.o
 .debug_frame   0x00000d24      0x1f4 ./Drivers/STM32F1xx_HAL_Driver/Src/stm32f1xx_hal_adc_ex.o
 .debug_frame   0x00000f18      0x3f0 ./Drivers/STM32F1xx_HAL_Driver/Src/stm32f1xx_hal_cortex.o
 .debug_frame   0x00001308      0x1e8 ./Drivers/STM32F1xx_HAL_Driver/Src/stm32f1xx_hal_dma.o
 .debug_frame   0x000014f0      0x130 ./Drivers/STM32F1xx_HAL_Driver/Src/stm32f1xx_hal_gpio.o
 .debug_frame   0x00001620      0x1f8 ./Drivers/STM32F1xx_HAL_Driver/Src/stm32f1xx_hal_rcc.o
 .debug_frame   0x00001818       0x7c ./Drivers/STM32F1xx_HAL_Driver/Src/stm32f1xx_hal_rcc_ex.o
 .debug_frame   0x00001894     0x10e8 ./Drivers/STM32F1xx_HAL_Driver/Src/stm32f1xx_hal_tim.o
 .debug_frame   0x0000297c      0x600 ./Drivers/STM32F1xx_HAL_Driver/Src/stm32f1xx_hal_tim_ex.o
 .debug_frame   0x00002f7c      0x8dc ./Drivers/STM32F1xx_HAL_Driver/Src/stm32f1xx_hal_uart.o
 .debug_frame   0x00003858       0x20 C:/ST/STM32CubeIDE_2.1.1/STM32CubeIDE/plugins/com.st.stm32cube.ide.mcu.externaltools.gnu-tools-for-stm32.14.3.rel1.win32_1.0.100.202602081740/tools/bin/../lib/gcc/arm-none-eabi/14.3.1/../../../../arm-none-eabi/lib/thumb/v7-m/nofp\libc_nano.a(libc_a-memset.o)
 .debug_frame   0x00003878       0x2c C:/ST/STM32CubeIDE_2.1.1/STM32CubeIDE/plugins/com.st.stm32cube.ide.mcu.externaltools.gnu-tools-for-stm32.14.3.rel1.win32_1.0.100.202602081740/tools/bin/../lib/gcc/arm-none-eabi/14.3.1/../../../../arm-none-eabi/lib/thumb/v7-m/nofp\libc_nano.a(libc_a-init.o)

.debug_line_str
                0x00000000       0x78
 .debug_line_str
                0x00000000       0x78 ./Core/Startup/startup_stm32f103c8tx.o
